---
source: rust/ommx/src/instance/stats.rs
expression: stats
---
decision_variables:
  total: 5
  by_kind:
    binary: 2
    integer: 1
    continuous: 1
    semi_integer: 1
    semi_continuous: 0
  by_usage:
    used_in_objective: 2
    used_in_constraints: 0
    used: 2
    fixed: 0
    dependent: 0
    irrelevant: 3
constraints:
  total: 0
  active: 0
  removed: 0
